============================= test session starts ==============================
platform darwin -- Python 2.7.3 -- pytest-2.3.4
collected 457 items

test/eco/iec/iec_test.py ......
test/eco/rice/rice_test.py ........
test/eco/sip/sip_test.py .........................................................................................................................................................
test/eco/terrplant/terrplant_test.py ..................................................................................................................................................................................................................................................................................................

========================== 457 passed in 4.19 seconds ==========================
